#
# There is insufficient memory for the Java Runtime Environment to continue.
# Native memory allocation (malloc) failed to allocate 241856 bytes. Error detail: Chunk::new
# Possible reasons:
#   The system is out of physical RAM or swap space
#   This process is running with CompressedOops enabled, and the Java Heap may be blocking the growth of the native heap
# Possible solutions:
#   Reduce memory load on the system
#   Increase physical memory or swap space
#   Check if swap backing store is full
#   Decrease Java heap size (-Xmx/-Xms)
#   Decrease number of Java threads
#   Decrease Java thread stack sizes (-Xss)
#   Set larger code cache with -XX:ReservedCodeCacheSize=
#   JVM is running with Unscaled Compressed Oops mode in which the Java heap is
#     placed in the first 4GB address space. The Java Heap base address is the
#     maximum limit for the native heap growth. Please use -XX:HeapBaseMinAddress
#     to set the Java Heap base and to place the Java Heap above 4GB virtual address.
# This output file may be truncated or incomplete.
#
#  Out of Memory Error (arena.cpp:168), pid=27744, tid=7028
#
# JRE version: OpenJDK Runtime Environment JBR-21.0.9+1-1163.86-jcef (21.0.9+1) (build 21.0.9+1-b1163.86)
# Java VM: OpenJDK 64-Bit Server VM JBR-21.0.9+1-1163.86-jcef (21.0.9+1-b1163.86, mixed mode, sharing, tiered, compressed oops, compressed class ptrs, g1 gc, windows-amd64)
# No core dump will be written. Minidumps are not enabled by default on client versions of Windows
#

---------------  S U M M A R Y ------------

Command Line: -Djava.rmi.server.hostname=127.0.0.1 -Duser.timezone=UTC -Xmx2048m -Xms128m --add-exports=java.desktop/sun.awt=ALL-UNNAMED --add-exports=java.desktop/java.awt.peer=ALL-UNNAMED --add-opens=java.desktop/java.awt=ALL-UNNAMED --add-opens=jdk.unsupported/sun.misc=ALL-UNNAMED --add-opens=java.base/java.nio=ALL-UNNAMED --add-opens=java.base/java.util=ALL-UNNAMED -Dfile.encoding=UTF-8 -Dsun.stdout.encoding=UTF-8 -Dsun.stderr.encoding=UTF-8 com.intellij.database.remote.RemoteJdbcServer org.postgresql.Driver

Host: Intel(R) Core(TM) i5-1035G1 CPU @ 1.00GHz, 8 cores, 7G,  Windows 11 , 64 bit Build 26100 (10.0.26100.7920)
Time: Mon Mar 16 23:13:39 2026 Azerbaycan Standart Saati elapsed time: 1.233109 seconds (0d 0h 0m 1s)

---------------  T H R E A D  ---------------

Current thread (0x00000268d7b441c0):  JavaThread "C2 CompilerThread0" daemon [_thread_in_native, id=7028, stack(0x000000996ab00000,0x000000996ac00000) (1024K)]


Current CompileTask:
C2:1233  526   !   4       java.util.concurrent.ConcurrentHashMap::transfer (849 bytes)

Stack: [0x000000996ab00000,0x000000996ac00000]
Native frames: (J=compiled Java code, j=interpreted, Vv=VM code, C=native code)
V  [jvm.dll+0x6ec339]
V  [jvm.dll+0x8cc463]
V  [jvm.dll+0x8cea7e]
V  [jvm.dll+0x8cf163]
V  [jvm.dll+0x28b006]
V  [jvm.dll+0xc6f3d]
V  [jvm.dll+0xc7473]
V  [jvm.dll+0x301db0]
V  [jvm.dll+0x611df9]
V  [jvm.dll+0x25b0b2]
V  [jvm.dll+0x25395a]
V  [jvm.dll+0x25146e]
V  [jvm.dll+0x1ceb04]
V  [jvm.dll+0x260e0e]
V  [jvm.dll+0x25f356]
V  [jvm.dll+0x4031b6]
V  [jvm.dll+0x874178]
V  [jvm.dll+0x6eaabd]
C  [ucrtbase.dll+0x37b0]
C  [KERNEL32.DLL+0x2e8d7]
C  [ntdll.dll+0x8c48c]


---------------  P R O C E S S  ---------------

Threads class SMR info:
_java_thread_list=0x000002691e128e50, length=11, elements={
0x00000268bf545920, 0x00000268d7b21500, 0x00000268d7b272a0, 0x00000268d7b28af0,
0x00000268d7b2a450, 0x00000268d7b2aeb0, 0x00000268d7b30870, 0x00000268d7b35f10,
0x00000268d7b441c0, 0x00000268d7b46880, 0x000002691e12f3a0
}

Java Threads: ( => current thread )
  0x00000268bf545920 JavaThread "main"                              [_thread_in_vm, id=20416, stack(0x0000009969c00000,0x0000009969d00000) (1024K)]
  0x00000268d7b21500 JavaThread "Common-Cleaner"             daemon [_thread_blocked, id=17068, stack(0x000000996a400000,0x000000996a500000) (1024K)]
  0x00000268d7b272a0 JavaThread "Reference Handler"          daemon [_thread_blocked, id=18236, stack(0x000000996a500000,0x000000996a600000) (1024K)]
  0x00000268d7b28af0 JavaThread "Finalizer"                  daemon [_thread_blocked, id=22532, stack(0x000000996a600000,0x000000996a700000) (1024K)]
  0x00000268d7b2a450 JavaThread "Signal Dispatcher"          daemon [_thread_blocked, id=5960, stack(0x000000996a700000,0x000000996a800000) (1024K)]
  0x00000268d7b2aeb0 JavaThread "Attach Listener"            daemon [_thread_blocked, id=2140, stack(0x000000996a800000,0x000000996a900000) (1024K)]
  0x00000268d7b30870 JavaThread "Service Thread"             daemon [_thread_blocked, id=27796, stack(0x000000996a900000,0x000000996aa00000) (1024K)]
  0x00000268d7b35f10 JavaThread "Monitor Deflation Thread"   daemon [_thread_blocked, id=18200, stack(0x000000996aa00000,0x000000996ab00000) (1024K)]
=>0x00000268d7b441c0 JavaThread "C2 CompilerThread0"         daemon [_thread_in_native, id=7028, stack(0x000000996ab00000,0x000000996ac00000) (1024K)]
  0x00000268d7b46880 JavaThread "C1 CompilerThread0"         daemon [_thread_blocked, id=23072, stack(0x000000996ac00000,0x000000996ad00000) (1024K)]
  0x000002691e12f3a0 JavaThread "Notification Thread"        daemon [_thread_blocked, id=26548, stack(0x000000996ad00000,0x000000996ae00000) (1024K)]
Total: 11

Other Threads:
  0x00000268bd091620 VMThread "VM Thread"                           [id=7928, stack(0x000000996a300000,0x000000996a400000) (1024K)]
  0x00000268d7aeb1a0 WatcherThread "VM Periodic Task Thread"        [id=17192, stack(0x000000996a200000,0x000000996a300000) (1024K)]
  0x00000268bd090ee0 WorkerThread "GC Thread#0"                     [id=14732, stack(0x0000009969d00000,0x0000009969e00000) (1024K)]
  0x00000268bf5ad510 ConcurrentGCThread "G1 Main Marker"            [id=9212, stack(0x0000009969e00000,0x0000009969f00000) (1024K)]
  0x00000268bd091280 WorkerThread "G1 Conc#0"                       [id=27704, stack(0x0000009969f00000,0x000000996a000000) (1024K)]
  0x00000268d79ae150 ConcurrentGCThread "G1 Refine#0"               [id=27792, stack(0x000000996a000000,0x000000996a100000) (1024K)]
  0x00000268d79b0980 ConcurrentGCThread "G1 Service"                [id=26508, stack(0x000000996a100000,0x000000996a200000) (1024K)]
Total: 7

Threads with active compile tasks:
C2 CompilerThread0  1318  526   !   4       java.util.concurrent.ConcurrentHashMap::transfer (849 bytes)
Total: 1

VM state: not at safepoint (normal execution)

VM Mutex/Monitor currently owned by a thread:  ([mutex/lock_event])
[0x00007ffb927b7b30] Metaspace_lock - owner thread: 0x00000268bf545920

Heap address: 0x0000000080000000, size: 2048 MB, Compressed Oops mode: 32-bit

CDS archive(s) mapped at: [0x00000268d8000000-0x00000268d9c20000-0x00000268d9c20000), size 29491200, SharedBaseAddress: 0x00000268d8000000, ArchiveRelocationMode: 1.
Compressed class space mapped at: 0x00000268da000000-0x000002691a000000, reserved size: 1073741824
Narrow klass base: 0x00000268d8000000, Narrow klass shift: 0, Narrow klass range: 0x100000000

GC Precious Log:
 CardTable entry size: 512
 Card Set container configuration: InlinePtr #cards 5 size 8 Array Of Cards #cards 12 size 40 Howl #buckets 4 coarsen threshold 1843 Howl Bitmap #cards 512 size 80 coarsen threshold 460 Card regions per heap region 1 cards per card region 2048
 CPUs: 8 total, 8 available
 Memory: 7969M
 Large Page Support: Disabled
 NUMA Support: Disabled
 Compressed Oops: Enabled (32-bit)
 Heap Region Size: 1M
 Heap Min Capacity: 128M
 Heap Initial Capacity: 128M
 Heap Max Capacity: 2G
 Pre-touch: Disabled
 Parallel Workers: 8
 Concurrent Workers: 2
 Concurrent Refinement Workers: 8
 Periodic GC: Disabled

Heap:
 garbage-first heap   total 131072K, used 12288K [0x0000000080000000, 0x0000000100000000)
  region size 1024K, 11 young (11264K), 0 survivors (0K)
 Metaspace       used 1830K, committed 1920K, reserved 1114112K
  class space    used 251K, committed 320K, reserved 1048576K

Heap Regions: E=young(eden), S=young(survivor), O=old, HS=humongous(starts), HC=humongous(continues), CS=collection set, F=free, TAMS=top-at-mark-start, PB=parsable bottom
|   0|0x0000000080000000, 0x0000000080100000, 0x0000000080100000|100%|HS|  |TAMS 0x0000000080000000| PB 0x0000000080000000| Complete 
|   1|0x0000000080100000, 0x0000000080200000, 0x0000000080200000|100%|HS|  |TAMS 0x0000000080100000| PB 0x0000000080100000| Complete 
|   2|0x0000000080200000, 0x0000000080200000, 0x0000000080300000|  0%| F|  |TAMS 0x0000000080200000| PB 0x0000000080200000| Untracked 
|   3|0x0000000080300000, 0x0000000080300000, 0x0000000080400000|  0%| F|  |TAMS 0x0000000080300000| PB 0x0000000080300000| Untracked 
|   4|0x0000000080400000, 0x0000000080400000, 0x0000000080500000|  0%| F|  |TAMS 0x0000000080400000| PB 0x0000000080400000| Untracked 
|   5|0x0000000080500000, 0x0000000080500000, 0x0000000080600000|  0%| F|  |TAMS 0x0000000080500000| PB 0x0000000080500000| Untracked 
|   6|0x0000000080600000, 0x0000000080600000, 0x0000000080700000|  0%| F|  |TAMS 0x0000000080600000| PB 0x0000000080600000| Untracked 
|   7|0x0000000080700000, 0x0000000080700000, 0x0000000080800000|  0%| F|  |TAMS 0x0000000080700000| PB 0x0000000080700000| Untracked 
|   8|0x0000000080800000, 0x0000000080800000, 0x0000000080900000|  0%| F|  |TAMS 0x0000000080800000| PB 0x0000000080800000| Untracked 
|   9|0x0000000080900000, 0x0000000080900000, 0x0000000080a00000|  0%| F|  |TAMS 0x0000000080900000| PB 0x0000000080900000| Untracked 
|  10|0x0000000080a00000, 0x0000000080a00000, 0x0000000080b00000|  0%| F|  |TAMS 0x0000000080a00000| PB 0x0000000080a00000| Untracked 
|  11|0x0000000080b00000, 0x0000000080b00000, 0x0000000080c00000|  0%| F|  |TAMS 0x0000000080b00000| PB 0x0000000080b00000| Untracked 
|  12|0x0000000080c00000, 0x0000000080c00000, 0x0000000080d00000|  0%| F|  |TAMS 0x0000000080c00000| PB 0x0000000080c00000| Untracked 
|  13|0x0000000080d00000, 0x0000000080d00000, 0x0000000080e00000|  0%| F|  |TAMS 0x0000000080d00000| PB 0x0000000080d00000| Untracked 
|  14|0x0000000080e00000, 0x0000000080e00000, 0x0000000080f00000|  0%| F|  |TAMS 0x0000000080e00000| PB 0x0000000080e00000| Untracked 
|  15|0x0000000080f00000, 0x0000000080f00000, 0x0000000081000000|  0%| F|  |TAMS 0x0000000080f00000| PB 0x0000000080f00000| Untracked 
|  16|0x0000000081000000, 0x0000000081000000, 0x0000000081100000|  0%| F|  |TAMS 0x0000000081000000| PB 0x0000000081000000| Untracked 
|  17|0x0000000081100000, 0x0000000081100000, 0x0000000081200000|  0%| F|  |TAMS 0x0000000081100000| PB 0x0000000081100000| Untracked 
|  18|0x0000000081200000, 0x0000000081200000, 0x0000000081300000|  0%| F|  |TAMS 0x0000000081200000| PB 0x0000000081200000| Untracked 
|  19|0x0000000081300000, 0x0000000081300000, 0x0000000081400000|  0%| F|  |TAMS 0x0000000081300000| PB 0x0000000081300000| Untracked 
|  20|0x0000000081400000, 0x0000000081400000, 0x0000000081500000|  0%| F|  |TAMS 0x0000000081400000| PB 0x0000000081400000| Untracked 
|  21|0x0000000081500000, 0x0000000081500000, 0x0000000081600000|  0%| F|  |TAMS 0x0000000081500000| PB 0x0000000081500000| Untracked 
|  22|0x0000000081600000, 0x0000000081600000, 0x0000000081700000|  0%| F|  |TAMS 0x0000000081600000| PB 0x0000000081600000| Untracked 
|  23|0x0000000081700000, 0x0000000081700000, 0x0000000081800000|  0%| F|  |TAMS 0x0000000081700000| PB 0x0000000081700000| Untracked 
|  24|0x0000000081800000, 0x0000000081800000, 0x0000000081900000|  0%| F|  |TAMS 0x0000000081800000| PB 0x0000000081800000| Untracked 
|  25|0x0000000081900000, 0x0000000081900000, 0x0000000081a00000|  0%| F|  |TAMS 0x0000000081900000| PB 0x0000000081900000| Untracked 
|  26|0x0000000081a00000, 0x0000000081a00000, 0x0000000081b00000|  0%| F|  |TAMS 0x0000000081a00000| PB 0x0000000081a00000| Untracked 
|  27|0x0000000081b00000, 0x0000000081b00000, 0x0000000081c00000|  0%| F|  |TAMS 0x0000000081b00000| PB 0x0000000081b00000| Untracked 
|  28|0x0000000081c00000, 0x0000000081c00000, 0x0000000081d00000|  0%| F|  |TAMS 0x0000000081c00000| PB 0x0000000081c00000| Untracked 
|  29|0x0000000081d00000, 0x0000000081d00000, 0x0000000081e00000|  0%| F|  |TAMS 0x0000000081d00000| PB 0x0000000081d00000| Untracked 
|  30|0x0000000081e00000, 0x0000000081e00000, 0x0000000081f00000|  0%| F|  |TAMS 0x0000000081e00000| PB 0x0000000081e00000| Untracked 
|  31|0x0000000081f00000, 0x0000000081f00000, 0x0000000082000000|  0%| F|  |TAMS 0x0000000081f00000| PB 0x0000000081f00000| Untracked 
|  32|0x0000000082000000, 0x0000000082000000, 0x0000000082100000|  0%| F|  |TAMS 0x0000000082000000| PB 0x0000000082000000| Untracked 
|  33|0x0000000082100000, 0x0000000082100000, 0x0000000082200000|  0%| F|  |TAMS 0x0000000082100000| PB 0x0000000082100000| Untracked 
|  34|0x0000000082200000, 0x0000000082200000, 0x0000000082300000|  0%| F|  |TAMS 0x0000000082200000| PB 0x0000000082200000| Untracked 
|  35|0x0000000082300000, 0x0000000082300000, 0x0000000082400000|  0%| F|  |TAMS 0x0000000082300000| PB 0x0000000082300000| Untracked 
|  36|0x0000000082400000, 0x0000000082400000, 0x0000000082500000|  0%| F|  |TAMS 0x0000000082400000| PB 0x0000000082400000| Untracked 
|  37|0x0000000082500000, 0x0000000082500000, 0x0000000082600000|  0%| F|  |TAMS 0x0000000082500000| PB 0x0000000082500000| Untracked 
|  38|0x0000000082600000, 0x0000000082600000, 0x0000000082700000|  0%| F|  |TAMS 0x0000000082600000| PB 0x0000000082600000| Untracked 
|  39|0x0000000082700000, 0x0000000082700000, 0x0000000082800000|  0%| F|  |TAMS 0x0000000082700000| PB 0x0000000082700000| Untracked 
|  40|0x0000000082800000, 0x0000000082800000, 0x0000000082900000|  0%| F|  |TAMS 0x0000000082800000| PB 0x0000000082800000| Untracked 
|  41|0x0000000082900000, 0x0000000082900000, 0x0000000082a00000|  0%| F|  |TAMS 0x0000000082900000| PB 0x0000000082900000| Untracked 
|  42|0x0000000082a00000, 0x0000000082a00000, 0x0000000082b00000|  0%| F|  |TAMS 0x0000000082a00000| PB 0x0000000082a00000| Untracked 
|  43|0x0000000082b00000, 0x0000000082b00000, 0x0000000082c00000|  0%| F|  |TAMS 0x0000000082b00000| PB 0x0000000082b00000| Untracked 
|  44|0x0000000082c00000, 0x0000000082c00000, 0x0000000082d00000|  0%| F|  |TAMS 0x0000000082c00000| PB 0x0000000082c00000| Untracked 
|  45|0x0000000082d00000, 0x0000000082d00000, 0x0000000082e00000|  0%| F|  |TAMS 0x0000000082d00000| PB 0x0000000082d00000| Untracked 
|  46|0x0000000082e00000, 0x0000000082e00000, 0x0000000082f00000|  0%| F|  |TAMS 0x0000000082e00000| PB 0x0000000082e00000| Untracked 
|  47|0x0000000082f00000, 0x0000000082f00000, 0x0000000083000000|  0%| F|  |TAMS 0x0000000082f00000| PB 0x0000000082f00000| Untracked 
|  48|0x0000000083000000, 0x0000000083000000, 0x0000000083100000|  0%| F|  |TAMS 0x0000000083000000| PB 0x0000000083000000| Untracked 
|  49|0x0000000083100000, 0x0000000083100000, 0x0000000083200000|  0%| F|  |TAMS 0x0000000083100000| PB 0x0000000083100000| Untracked 
|  50|0x0000000083200000, 0x0000000083200000, 0x0000000083300000|  0%| F|  |TAMS 0x0000000083200000| PB 0x0000000083200000| Untracked 
|  51|0x0000000083300000, 0x0000000083300000, 0x0000000083400000|  0%| F|  |TAMS 0x0000000083300000| PB 0x0000000083300000| Untracked 
|  52|0x0000000083400000, 0x0000000083400000, 0x0000000083500000|  0%| F|  |TAMS 0x0000000083400000| PB 0x0000000083400000| Untracked 
|  53|0x0000000083500000, 0x0000000083500000, 0x0000000083600000|  0%| F|  |TAMS 0x0000000083500000| PB 0x0000000083500000| Untracked 
|  54|0x0000000083600000, 0x0000000083600000, 0x0000000083700000|  0%| F|  |TAMS 0x0000000083600000| PB 0x0000000083600000| Untracked 
|  55|0x0000000083700000, 0x0000000083700000, 0x0000000083800000|  0%| F|  |TAMS 0x0000000083700000| PB 0x0000000083700000| Untracked 
|  56|0x0000000083800000, 0x0000000083800000, 0x0000000083900000|  0%| F|  |TAMS 0x0000000083800000| PB 0x0000000083800000| Untracked 
|  57|0x0000000083900000, 0x0000000083900000, 0x0000000083a00000|  0%| F|  |TAMS 0x0000000083900000| PB 0x0000000083900000| Untracked 
|  58|0x0000000083a00000, 0x0000000083a00000, 0x0000000083b00000|  0%| F|  |TAMS 0x0000000083a00000| PB 0x0000000083a00000| Untracked 
|  59|0x0000000083b00000, 0x0000000083b00000, 0x0000000083c00000|  0%| F|  |TAMS 0x0000000083b00000| PB 0x0000000083b00000| Untracked 
|  60|0x0000000083c00000, 0x0000000083c00000, 0x0000000083d00000|  0%| F|  |TAMS 0x0000000083c00000| PB 0x0000000083c00000| Untracked 
|  61|0x0000000083d00000, 0x0000000083d00000, 0x0000000083e00000|  0%| F|  |TAMS 0x0000000083d00000| PB 0x0000000083d00000| Untracked 
|  62|0x0000000083e00000, 0x0000000083e00000, 0x0000000083f00000|  0%| F|  |TAMS 0x0000000083e00000| PB 0x0000000083e00000| Untracked 
|  63|0x0000000083f00000, 0x0000000083f00000, 0x0000000084000000|  0%| F|  |TAMS 0x0000000083f00000| PB 0x0000000083f00000| Untracked 
|  64|0x0000000084000000, 0x0000000084000000, 0x0000000084100000|  0%| F|  |TAMS 0x0000000084000000| PB 0x0000000084000000| Untracked 
|  65|0x0000000084100000, 0x0000000084100000, 0x0000000084200000|  0%| F|  |TAMS 0x0000000084100000| PB 0x0000000084100000| Untracked 
|  66|0x0000000084200000, 0x0000000084200000, 0x0000000084300000|  0%| F|  |TAMS 0x0000000084200000| PB 0x0000000084200000| Untracked 
|  67|0x0000000084300000, 0x0000000084300000, 0x0000000084400000|  0%| F|  |TAMS 0x0000000084300000| PB 0x0000000084300000| Untracked 
|  68|0x0000000084400000, 0x0000000084400000, 0x0000000084500000|  0%| F|  |TAMS 0x0000000084400000| PB 0x0000000084400000| Untracked 
|  69|0x0000000084500000, 0x0000000084500000, 0x0000000084600000|  0%| F|  |TAMS 0x0000000084500000| PB 0x0000000084500000| Untracked 
|  70|0x0000000084600000, 0x0000000084600000, 0x0000000084700000|  0%| F|  |TAMS 0x0000000084600000| PB 0x0000000084600000| Untracked 
|  71|0x0000000084700000, 0x0000000084700000, 0x0000000084800000|  0%| F|  |TAMS 0x0000000084700000| PB 0x0000000084700000| Untracked 
|  72|0x0000000084800000, 0x0000000084800000, 0x0000000084900000|  0%| F|  |TAMS 0x0000000084800000| PB 0x0000000084800000| Untracked 
|  73|0x0000000084900000, 0x0000000084900000, 0x0000000084a00000|  0%| F|  |TAMS 0x0000000084900000| PB 0x0000000084900000| Untracked 
|  74|0x0000000084a00000, 0x0000000084a00000, 0x0000000084b00000|  0%| F|  |TAMS 0x0000000084a00000| PB 0x0000000084a00000| Untracked 
|  75|0x0000000084b00000, 0x0000000084b00000, 0x0000000084c00000|  0%| F|  |TAMS 0x0000000084b00000| PB 0x0000000084b00000| Untracked 
|  76|0x0000000084c00000, 0x0000000084c00000, 0x0000000084d00000|  0%| F|  |TAMS 0x0000000084c00000| PB 0x0000000084c00000| Untracked 
|  77|0x0000000084d00000, 0x0000000084d00000, 0x0000000084e00000|  0%| F|  |TAMS 0x0000000084d00000| PB 0x0000000084d00000| Untracked 
|  78|0x0000000084e00000, 0x0000000084e00000, 0x0000000084f00000|  0%| F|  |TAMS 0x0000000084e00000| PB 0x0000000084e00000| Untracked 
|  79|0x0000000084f00000, 0x0000000084f00000, 0x0000000085000000|  0%| F|  |TAMS 0x0000000084f00000| PB 0x0000000084f00000| Untracked 
|  80|0x0000000085000000, 0x0000000085000000, 0x0000000085100000|  0%| F|  |TAMS 0x0000000085000000| PB 0x0000000085000000| Untracked 
|  81|0x0000000085100000, 0x0000000085100000, 0x0000000085200000|  0%| F|  |TAMS 0x0000000085100000| PB 0x0000000085100000| Untracked 
|  82|0x0000000085200000, 0x0000000085200000, 0x0000000085300000|  0%| F|  |TAMS 0x0000000085200000| PB 0x0000000085200000| Untracked 
|  83|0x0000000085300000, 0x0000000085300000, 0x0000000085400000|  0%| F|  |TAMS 0x0000000085300000| PB 0x0000000085300000| Untracked 
|  84|0x0000000085400000, 0x0000000085400000, 0x0000000085500000|  0%| F|  |TAMS 0x0000000085400000| PB 0x0000000085400000| Untracked 
|  85|0x0000000085500000, 0x0000000085500000, 0x0000000085600000|  0%| F|  |TAMS 0x0000000085500000| PB 0x0000000085500000| Untracked 
|  86|0x0000000085600000, 0x0000000085600000, 0x0000000085700000|  0%| F|  |TAMS 0x0000000085600000| PB 0x0000000085600000| Untracked 
|  87|0x0000000085700000, 0x0000000085700000, 0x0000000085800000|  0%| F|  |TAMS 0x0000000085700000| PB 0x0000000085700000| Untracked 
|  88|0x0000000085800000, 0x0000000085800000, 0x0000000085900000|  0%| F|  |TAMS 0x0000000085800000| PB 0x0000000085800000| Untracked 
|  89|0x0000000085900000, 0x0000000085900000, 0x0000000085a00000|  0%| F|  |TAMS 0x0000000085900000| PB 0x0000000085900000| Untracked 
|  90|0x0000000085a00000, 0x0000000085a00000, 0x0000000085b00000|  0%| F|  |TAMS 0x0000000085a00000| PB 0x0000000085a00000| Untracked 
|  91|0x0000000085b00000, 0x0000000085b00000, 0x0000000085c00000|  0%| F|  |TAMS 0x0000000085b00000| PB 0x0000000085b00000| Untracked 
|  92|0x0000000085c00000, 0x0000000085c00000, 0x0000000085d00000|  0%| F|  |TAMS 0x0000000085c00000| PB 0x0000000085c00000| Untracked 
|  93|0x0000000085d00000, 0x0000000085d00000, 0x0000000085e00000|  0%| F|  |TAMS 0x0000000085d00000| PB 0x0000000085d00000| Untracked 
|  94|0x0000000085e00000, 0x0000000085e00000, 0x0000000085f00000|  0%| F|  |TAMS 0x0000000085e00000| PB 0x0000000085e00000| Untracked 
|  95|0x0000000085f00000, 0x0000000085f00000, 0x0000000086000000|  0%| F|  |TAMS 0x0000000085f00000| PB 0x0000000085f00000| Untracked 
|  96|0x0000000086000000, 0x0000000086000000, 0x0000000086100000|  0%| F|  |TAMS 0x0000000086000000| PB 0x0000000086000000| Untracked 
|  97|0x0000000086100000, 0x0000000086100000, 0x0000000086200000|  0%| F|  |TAMS 0x0000000086100000| PB 0x0000000086100000| Untracked 
|  98|0x0000000086200000, 0x0000000086200000, 0x0000000086300000|  0%| F|  |TAMS 0x0000000086200000| PB 0x0000000086200000| Untracked 
|  99|0x0000000086300000, 0x0000000086300000, 0x0000000086400000|  0%| F|  |TAMS 0x0000000086300000| PB 0x0000000086300000| Untracked 
| 100|0x0000000086400000, 0x0000000086400000, 0x0000000086500000|  0%| F|  |TAMS 0x0000000086400000| PB 0x0000000086400000| Untracked 
| 101|0x0000000086500000, 0x0000000086500000, 0x0000000086600000|  0%| F|  |TAMS 0x0000000086500000| PB 0x0000000086500000| Untracked 
| 102|0x0000000086600000, 0x0000000086600000, 0x0000000086700000|  0%| F|  |TAMS 0x0000000086600000| PB 0x0000000086600000| Untracked 
| 103|0x0000000086700000, 0x0000000086700000, 0x0000000086800000|  0%| F|  |TAMS 0x0000000086700000| PB 0x0000000086700000| Untracked 
| 104|0x0000000086800000, 0x0000000086800000, 0x0000000086900000|  0%| F|  |TAMS 0x0000000086800000| PB 0x0000000086800000| Untracked 
| 105|0x0000000086900000, 0x0000000086900000, 0x0000000086a00000|  0%| F|  |TAMS 0x0000000086900000| PB 0x0000000086900000| Untracked 
| 106|0x0000000086a00000, 0x0000000086a00000, 0x0000000086b00000|  0%| F|  |TAMS 0x0000000086a00000| PB 0x0000000086a00000| Untracked 
| 107|0x0000000086b00000, 0x0000000086b00000, 0x0000000086c00000|  0%| F|  |TAMS 0x0000000086b00000| PB 0x0000000086b00000| Untracked 
| 108|0x0000000086c00000, 0x0000000086c00000, 0x0000000086d00000|  0%| F|  |TAMS 0x0000000086c00000| PB 0x0000000086c00000| Untracked 
| 109|0x0000000086d00000, 0x0000000086d00000, 0x0000000086e00000|  0%| F|  |TAMS 0x0000000086d00000| PB 0x0000000086d00000| Untracked 
| 110|0x0000000086e00000, 0x0000000086e00000, 0x0000000086f00000|  0%| F|  |TAMS 0x0000000086e00000| PB 0x0000000086e00000| Untracked 
| 111|0x0000000086f00000, 0x0000000086f00000, 0x0000000087000000|  0%| F|  |TAMS 0x0000000086f00000| PB 0x0000000086f00000| Untracked 
| 112|0x0000000087000000, 0x0000000087000000, 0x0000000087100000|  0%| F|  |TAMS 0x0000000087000000| PB 0x0000000087000000| Untracked 
| 113|0x0000000087100000, 0x0000000087100000, 0x0000000087200000|  0%| F|  |TAMS 0x0000000087100000| PB 0x0000000087100000| Untracked 
| 114|0x0000000087200000, 0x0000000087200000, 0x0000000087300000|  0%| F|  |TAMS 0x0000000087200000| PB 0x0000000087200000| Untracked 
| 115|0x0000000087300000, 0x0000000087300000, 0x0000000087400000|  0%| F|  |TAMS 0x0000000087300000| PB 0x0000000087300000| Untracked 
| 116|0x0000000087400000, 0x0000000087400000, 0x0000000087500000|  0%| F|  |TAMS 0x0000000087400000| PB 0x0000000087400000| Untracked 
| 117|0x0000000087500000, 0x00000000875eb898, 0x0000000087600000| 92%| E|  |TAMS 0x0000000087500000| PB 0x0000000087500000| Complete 
| 118|0x0000000087600000, 0x0000000087700000, 0x0000000087700000|100%| E|CS|TAMS 0x0000000087600000| PB 0x0000000087600000| Complete 
| 119|0x0000000087700000, 0x0000000087800000, 0x0000000087800000|100%| E|CS|TAMS 0x0000000087700000| PB 0x0000000087700000| Complete 
| 120|0x0000000087800000, 0x0000000087900000, 0x0000000087900000|100%| E|CS|TAMS 0x0000000087800000| PB 0x0000000087800000| Complete 
| 121|0x0000000087900000, 0x0000000087a00000, 0x0000000087a00000|100%| E|CS|TAMS 0x0000000087900000| PB 0x0000000087900000| Complete 
| 122|0x0000000087a00000, 0x0000000087b00000, 0x0000000087b00000|100%| E|CS|TAMS 0x0000000087a00000| PB 0x0000000087a00000| Complete 
| 123|0x0000000087b00000, 0x0000000087c00000, 0x0000000087c00000|100%| E|CS|TAMS 0x0000000087b00000| PB 0x0000000087b00000| Complete 
| 124|0x0000000087c00000, 0x0000000087d00000, 0x0000000087d00000|100%| E|CS|TAMS 0x0000000087c00000| PB 0x0000000087c00000| Complete 
| 125|0x0000000087d00000, 0x0000000087e00000, 0x0000000087e00000|100%| E|CS|TAMS 0x0000000087d00000| PB 0x0000000087d00000| Complete 
| 126|0x0000000087e00000, 0x0000000087f00000, 0x0000000087f00000|100%| E|CS|TAMS 0x0000000087e00000| PB 0x0000000087e00000| Complete 
| 127|0x0000000087f00000, 0x0000000088000000, 0x0000000088000000|100%| E|CS|TAMS 0x0000000087f00000| PB 0x0000000087f00000| Complete 

Card table byte_map: [0x00000268d2cc0000,0x00000268d30c0000] _byte_map_base: 0x00000268d28c0000

Marking Bits: (CMBitMap*) 0x00000268bf59bdb0
 Bits: [0x00000268d30c0000, 0x00000268d50c0000)

Polling page: 0x00000268bd2f0000

Metaspace:

Usage:
  Non-class:      1.54 MB used.
      Class:    251.69 KB used.
       Both:      1.79 MB used.

Virtual space:
  Non-class space:       64.00 MB reserved,       1.56 MB (  2%) committed,  1 nodes.
      Class space:        1.00 GB reserved,     320.00 KB ( <1%) committed,  1 nodes.
             Both:        1.06 GB reserved,       1.88 MB ( <1%) committed. 

Chunk freelists:
   Non-Class:  10.98 MB
       Class:  15.53 MB
        Both:  26.52 MB

MaxMetaspaceSize: unlimited
CompressedClassSpaceSize: 1.00 GB
Initial GC threshold: 21.00 MB
Current GC threshold: 21.00 MB
CDS: on
 - commit_granule_bytes: 65536.
 - commit_granule_words: 8192.
 - virtual_space_node_default_size: 8388608.
 - enlarge_chunks_in_place: 1.
 - use_allocation_guard: 0.


Internal statistics:

num_allocs_failed_limit: 0.
num_arena_births: 10.
num_arena_deaths: 0.
num_vsnodes_births: 2.
num_vsnodes_deaths: 0.
num_space_committed: 30.
num_space_uncommitted: 0.
num_chunks_returned_to_freelist: 0.
num_chunks_taken_from_freelist: 58.
num_chunk_merges: 0.
num_chunk_splits: 47.
num_chunks_enlarged: 43.
num_inconsistent_stats: 0.

CodeHeap 'non-profiled nmethods': size=120000Kb used=194Kb max_used=194Kb free=119805Kb
 bounds [0x00000268cb060000, 0x00000268cb2d0000, 0x00000268d2590000]
CodeHeap 'profiled nmethods': size=120000Kb used=844Kb max_used=844Kb free=119156Kb
 bounds [0x00000268c3590000, 0x00000268c3800000, 0x00000268caac0000]
CodeHeap 'non-nmethods': size=5760Kb used=1351Kb max_used=1369Kb free=4408Kb
 bounds [0x00000268caac0000, 0x00000268cad30000, 0x00000268cb060000]
CodeCache: size=245760Kb, used=2389Kb, max_used=2407Kb, free=243369Kb
 total_blobs=959, nmethods=538, adapters=326, full_count=0
Compilation: enabled, stopped_count=0, restarted_count=0

Compilation events (20 events):
Event: 1.189 Thread 0x00000268d7b441c0 nmethod 476 0x00000268cb08ed10 code [0x00000268cb08eee0, 0x00000268cb08f4e8]
Event: 1.189 Thread 0x00000268d7b441c0  519       4       java.util.zip.ZipUtils::CENEXT (9 bytes)
Event: 1.191 Thread 0x00000268d7b441c0 nmethod 519 0x00000268cb08f790 code [0x00000268cb08f920, 0x00000268cb08fa00]
Event: 1.194 Thread 0x00000268d7b441c0  520       4       java.util.HashMap::getNode (150 bytes)
Event: 1.202 Thread 0x00000268d7b441c0 nmethod 520 0x00000268cb08fb10 code [0x00000268cb08fce0, 0x00000268cb0901a8]
Event: 1.202 Thread 0x00000268d7b46880  521       3       java.lang.StringConcatHelper::newString (67 bytes)
Event: 1.203 Thread 0x00000268d7b46880 nmethod 521 0x00000268c3654090 code [0x00000268c3654300, 0x00000268c3654cb8]
Event: 1.204 Thread 0x00000268d7b46880  522       3       java.util.jar.JarFile::getManEntry (39 bytes)
Event: 1.204 Thread 0x00000268d7b46880 nmethod 522 0x00000268c3655090 code [0x00000268c3655260, 0x00000268c3655618]
Event: 1.209 Thread 0x00000268d7b46880  523       3       sun.net.util.URLUtil::urlNoFragString (143 bytes)
Event: 1.210 Thread 0x00000268d7b441c0  524       4       java.util.concurrent.ConcurrentHashMap::put (8 bytes)
Event: 1.211 Thread 0x00000268d7b46880 nmethod 523 0x00000268c3655790 code [0x00000268c3655ac0, 0x00000268c3656a38]
Event: 1.211 Thread 0x00000268d7b441c0 nmethod 524 0x00000268cb090490 code [0x00000268cb090620, 0x00000268cb0906d8]
Event: 1.212 Thread 0x00000268d7b46880  525       3       org.bouncycastle.asn1.ASN1ObjectIdentifier::hashCode (8 bytes)
Event: 1.213 Thread 0x00000268d7b46880 nmethod 525 0x00000268c3657010 code [0x00000268c36571c0, 0x00000268c36572f8]
Event: 1.214 Thread 0x00000268d7b441c0  526   !   4       java.util.concurrent.ConcurrentHashMap::transfer (849 bytes)
Event: 1.217 Thread 0x00000268d7b46880  527       3       java.util.zip.ZipFile::getZipEntry (322 bytes)
Event: 1.222 Thread 0x00000268d7b46880 nmethod 527 0x00000268c3657390 code [0x00000268c3657900, 0x00000268c365a8c8]
Event: 1.226 Thread 0x00000268d7b46880  529       3       java.lang.ref.Reference::<init> (7 bytes)
Event: 1.226 Thread 0x00000268d7b46880 nmethod 529 0x00000268c365bb90 code [0x00000268c365bd40, 0x00000268c365bff0]

GC Heap History (0 events):
No events

Dll operation events (2 events):
Event: 0.048 Loaded shared library C:\Program Files\JetBrains\IntelliJ IDEA 2025.3.1\jbr\bin\java.dll
Event: 0.296 Loaded shared library C:\Program Files\JetBrains\IntelliJ IDEA 2025.3.1\jbr\bin\zip.dll

Deoptimization events (20 events):
Event: 0.465 Thread 0x00000268bf545920 DEOPT PACKING pc=0x00000268c35ac9c9 sp=0x0000009969cfdca0
Event: 0.465 Thread 0x00000268bf545920 DEOPT UNPACKING pc=0x00000268cab186e2 sp=0x0000009969cfd110 mode 0
Event: 0.466 Thread 0x00000268bf545920 DEOPT PACKING pc=0x00000268c35ac9c9 sp=0x0000009969cfdca0
Event: 0.466 Thread 0x00000268bf545920 DEOPT UNPACKING pc=0x00000268cab186e2 sp=0x0000009969cfd110 mode 0
Event: 0.466 Thread 0x00000268bf545920 DEOPT PACKING pc=0x00000268c35ac9c9 sp=0x0000009969cfdca0
Event: 0.466 Thread 0x00000268bf545920 DEOPT UNPACKING pc=0x00000268cab186e2 sp=0x0000009969cfd110 mode 0
Event: 0.466 Thread 0x00000268bf545920 DEOPT PACKING pc=0x00000268c35ac9c9 sp=0x0000009969cfdca0
Event: 0.466 Thread 0x00000268bf545920 DEOPT UNPACKING pc=0x00000268cab186e2 sp=0x0000009969cfd110 mode 0
Event: 0.466 Thread 0x00000268bf545920 DEOPT PACKING pc=0x00000268c35ac9c9 sp=0x0000009969cfdca0
Event: 0.466 Thread 0x00000268bf545920 DEOPT UNPACKING pc=0x00000268cab186e2 sp=0x0000009969cfd110 mode 0
Event: 0.466 Thread 0x00000268bf545920 DEOPT PACKING pc=0x00000268c35ac9c9 sp=0x0000009969cfdca0
Event: 0.466 Thread 0x00000268bf545920 DEOPT UNPACKING pc=0x00000268cab186e2 sp=0x0000009969cfd110 mode 0
Event: 0.706 Thread 0x00000268bf545920 Uncommon trap: trap_request=0xffffff45 fr.pc=0x00000268cb07b148 relative=0x00000000000000a8
Event: 0.706 Thread 0x00000268bf545920 Uncommon trap: reason=unstable_if action=reinterpret pc=0x00000268cb07b148 method=java.lang.CharacterDataLatin1.toUpperCaseEx(I)I @ 12 c2
Event: 0.706 Thread 0x00000268bf545920 DEOPT PACKING pc=0x00000268cb07b148 sp=0x0000009969cfe810
Event: 0.706 Thread 0x00000268bf545920 DEOPT UNPACKING pc=0x00000268cab17ba2 sp=0x0000009969cfe788 mode 2
Event: 0.766 Thread 0x00000268bf545920 DEOPT PACKING pc=0x00000268c35abfcc sp=0x0000009969cfe590
Event: 0.766 Thread 0x00000268bf545920 DEOPT UNPACKING pc=0x00000268cab186e2 sp=0x0000009969cfd9b0 mode 0
Event: 0.806 Thread 0x00000268bf545920 DEOPT PACKING pc=0x00000268c35a7ccc sp=0x0000009969cfd2d0
Event: 0.806 Thread 0x00000268bf545920 DEOPT UNPACKING pc=0x00000268cab186e2 sp=0x0000009969cfc738 mode 0

Classes loaded (20 events):
Event: 0.480 Loading class java/rmi/server/ExportException
Event: 0.480 Loading class java/rmi/RemoteException
Event: 0.480 Loading class java/rmi/RemoteException done
Event: 0.480 Loading class java/rmi/server/ExportException done
Event: 0.481 Loading class java/rmi/Remote
Event: 0.481 Loading class java/rmi/Remote done
Event: 0.481 Loading class java/rmi/server/RMIServerSocketFactory
Event: 0.482 Loading class java/rmi/server/RMIServerSocketFactory done
Event: 0.482 Loading class java/rmi/server/RMISocketFactory
Event: 0.482 Loading class java/rmi/server/RMIClientSocketFactory
Event: 0.482 Loading class java/rmi/server/RMIClientSocketFactory done
Event: 0.482 Loading class java/rmi/server/RMISocketFactory done
Event: 0.491 Loading class java/rmi/server/Unreferenced
Event: 0.492 Loading class java/rmi/server/Unreferenced done
Event: 0.592 Loading class java/security/cert/PKIXRevocationChecker
Event: 0.593 Loading class java/security/cert/PKIXRevocationChecker done
Event: 0.603 Loading class java/security/Provider$OPType
Event: 0.604 Loading class java/security/Provider$OPType done
Event: 1.096 Loading class java/security/spec/RSAKeyGenParameterSpec
Event: 1.097 Loading class java/security/spec/RSAKeyGenParameterSpec done

Classes unloaded (0 events):
No events

Classes redefined (0 events):
No events

Internal exceptions (0 events):
No events

ZGC Phase Switch (0 events):
No events

VM Operations (2 events):
Event: 0.595 Executing VM operation: HandshakeAllThreads (Deoptimize)
Event: 0.595 Executing VM operation: HandshakeAllThreads (Deoptimize) done

Memory protections (0 events):
No events

Nmethod flushes (0 events):
No events

Events (15 events):
Event: 0.240 Thread 0x00000268bf545920 Thread added: 0x00000268bf545920
Event: 0.305 Thread 0x00000268bf545920 Thread added: 0x00000268d7b21500
Event: 0.307 Thread 0x00000268bf545920 Thread added: 0x00000268d7b272a0
Event: 0.307 Thread 0x00000268bf545920 Thread added: 0x00000268d7b28af0
Event: 0.308 Thread 0x00000268bf545920 Thread added: 0x00000268d7b2a450
Event: 0.308 Thread 0x00000268bf545920 Thread added: 0x00000268d7b2aeb0
Event: 0.309 Thread 0x00000268bf545920 Thread added: 0x00000268d7b30870
Event: 0.309 Thread 0x00000268bf545920 Thread added: 0x00000268d7b35f10
Event: 0.309 Thread 0x00000268bf545920 Thread added: 0x00000268d7b441c0
Event: 0.309 Thread 0x00000268bf545920 Thread added: 0x00000268d7b46880
Event: 0.419 Thread 0x00000268bf545920 Thread added: 0x000002691e12f3a0
Event: 0.433 Loaded shared library C:\Program Files\JetBrains\IntelliJ IDEA 2025.3.1\jbr\bin\net.dll
Event: 0.440 Loaded shared library C:\Program Files\JetBrains\IntelliJ IDEA 2025.3.1\jbr\bin\nio.dll
Event: 0.474 Loaded shared library C:\Program Files\JetBrains\IntelliJ IDEA 2025.3.1\jbr\bin\zip.dll
Event: 0.572 Loaded shared library C:\Program Files\JetBrains\IntelliJ IDEA 2025.3.1\jbr\bin\jimage.dll


Dynamic libraries:
0x00007ff6b2a30000 - 0x00007ff6b2a3a000 	C:\Program Files\JetBrains\IntelliJ IDEA 2025.3.1\jbr\bin\java.exe
0x00007ffc4f460000 - 0x00007ffc4f6c7000 	C:\WINDOWS\SYSTEM32\ntdll.dll
0x00007ffc362e0000 - 0x00007ffc36300000 	C:\Program Files\Avast Software\Avast\aswhook.dll
0x00007ffc4e8b0000 - 0x00007ffc4e979000 	C:\WINDOWS\System32\KERNEL32.DLL
0x00007ffc4c290000 - 0x00007ffc4c681000 	C:\WINDOWS\System32\KERNELBASE.dll
0x00007ffc4bd40000 - 0x00007ffc4be8b000 	C:\WINDOWS\System32\ucrtbase.dll
0x00007ffc40e00000 - 0x00007ffc40e1b000 	C:\Program Files\JetBrains\IntelliJ IDEA 2025.3.1\jbr\bin\VCRUNTIME140.dll
0x00007ffc39d30000 - 0x00007ffc39d48000 	C:\Program Files\JetBrains\IntelliJ IDEA 2025.3.1\jbr\bin\jli.dll
0x00007ffc4de80000 - 0x00007ffc4e045000 	C:\WINDOWS\System32\USER32.dll
0x00007ffc4d120000 - 0x00007ffc4d147000 	C:\WINDOWS\System32\win32u.dll
0x00007ffc4f3a0000 - 0x00007ffc4f3cb000 	C:\WINDOWS\System32\GDI32.dll
0x00007ffc29780000 - 0x00007ffc29a13000 	C:\WINDOWS\WinSxS\amd64_microsoft.windows.common-controls_6595b64144ccf1df_6.0.26100.8037_none_3e092faae333b53b\COMCTL32.dll
0x00007ffc4e990000 - 0x00007ffc4ea39000 	C:\WINDOWS\System32\msvcrt.dll
0x00007ffc4bfe0000 - 0x00007ffc4c10b000 	C:\WINDOWS\System32\gdi32full.dll
0x00007ffc4c690000 - 0x00007ffc4c733000 	C:\WINDOWS\System32\msvcp_win.dll
0x00007ffc4f3d0000 - 0x00007ffc4f401000 	C:\WINDOWS\System32\IMM32.DLL
0x00007ffc40e40000 - 0x00007ffc40e4c000 	C:\Program Files\JetBrains\IntelliJ IDEA 2025.3.1\jbr\bin\vcruntime140_1.dll
0x00007ffc15700000 - 0x00007ffc1578d000 	C:\Program Files\JetBrains\IntelliJ IDEA 2025.3.1\jbr\bin\msvcp140.dll
0x00007ffb91ae0000 - 0x00007ffb928ad000 	C:\Program Files\JetBrains\IntelliJ IDEA 2025.3.1\jbr\bin\server\jvm.dll
0x00007ffc4f140000 - 0x00007ffc4f1fb000 	C:\WINDOWS\System32\ADVAPI32.dll
0x00007ffc4d390000 - 0x00007ffc4d437000 	C:\WINDOWS\System32\sechost.dll
0x00007ffc4ef30000 - 0x00007ffc4f048000 	C:\WINDOWS\System32\RPCRT4.dll
0x00007ffc4d200000 - 0x00007ffc4d274000 	C:\WINDOWS\System32\WS2_32.dll
0x00007ffc29b00000 - 0x00007ffc29b35000 	C:\WINDOWS\SYSTEM32\WINMM.dll
0x00007ffc467c0000 - 0x00007ffc467cb000 	C:\WINDOWS\SYSTEM32\VERSION.dll
0x00007ffc4bba0000 - 0x00007ffc4bbfe000 	C:\WINDOWS\SYSTEM32\POWRPROF.dll
0x00007ffc4bb80000 - 0x00007ffc4bb94000 	C:\WINDOWS\SYSTEM32\UMPDC.dll
0x00007ffc4aa90000 - 0x00007ffc4aaab000 	C:\WINDOWS\SYSTEM32\kernel.appcore.dll
0x00007ffc40df0000 - 0x00007ffc40dfa000 	C:\Program Files\JetBrains\IntelliJ IDEA 2025.3.1\jbr\bin\jimage.dll
0x00007ffc3efc0000 - 0x00007ffc3f202000 	C:\WINDOWS\SYSTEM32\DBGHELP.DLL
0x00007ffc4eba0000 - 0x00007ffc4ef22000 	C:\WINDOWS\System32\combase.dll
0x00007ffc4dca0000 - 0x00007ffc4dd77000 	C:\WINDOWS\System32\OLEAUT32.dll
0x00007ffc3e920000 - 0x00007ffc3e95b000 	C:\WINDOWS\SYSTEM32\dbgcore.DLL
0x00007ffc4d150000 - 0x00007ffc4d1f5000 	C:\WINDOWS\System32\bcryptPrimitives.dll
0x00007ffc40da0000 - 0x00007ffc40dc0000 	C:\Program Files\JetBrains\IntelliJ IDEA 2025.3.1\jbr\bin\java.dll
0x00007ffc4d450000 - 0x00007ffc4dbaf000 	C:\WINDOWS\System32\SHELL32.dll
0x00007ffc4cfb0000 - 0x00007ffc4d11a000 	C:\WINDOWS\System32\wintypes.dll
0x00007ffc4c740000 - 0x00007ffc4cfa4000 	C:\WINDOWS\System32\windows.storage.dll
0x00007ffc4dd80000 - 0x00007ffc4de77000 	C:\WINDOWS\System32\SHCORE.dll
0x00007ffc4e230000 - 0x00007ffc4e297000 	C:\WINDOWS\System32\shlwapi.dll
0x00007ffc4bc60000 - 0x00007ffc4bc89000 	C:\WINDOWS\SYSTEM32\profapi.dll
0x00007ffc40d80000 - 0x00007ffc40d98000 	C:\Program Files\JetBrains\IntelliJ IDEA 2025.3.1\jbr\bin\zip.dll
0x00007ffc3deb0000 - 0x00007ffc3dec0000 	C:\Program Files\JetBrains\IntelliJ IDEA 2025.3.1\jbr\bin\net.dll
0x00007ffc45c10000 - 0x00007ffc45d37000 	C:\WINDOWS\SYSTEM32\WINHTTP.dll
0x00007ffc4afe0000 - 0x00007ffc4b04b000 	C:\WINDOWS\system32\mswsock.dll
0x00007ffc3de90000 - 0x00007ffc3dea6000 	C:\Program Files\JetBrains\IntelliJ IDEA 2025.3.1\jbr\bin\nio.dll

JVMTI agents: none

dbghelp: loaded successfully - version: 4.0.5 - missing functions: none
symbol engine: initialized successfully - sym options: 0x614 - pdb path: .;C:\Program Files\JetBrains\IntelliJ IDEA 2025.3.1\jbr\bin;C:\WINDOWS\SYSTEM32;C:\Program Files\Avast Software\Avast;C:\WINDOWS\WinSxS\amd64_microsoft.windows.common-controls_6595b64144ccf1df_6.0.26100.8037_none_3e092faae333b53b;C:\Program Files\JetBrains\IntelliJ IDEA 2025.3.1\jbr\bin\server

VM Arguments:
jvm_args: -Djava.rmi.server.hostname=127.0.0.1 -Duser.timezone=UTC -Xmx2048m -Xms128m --add-exports=java.desktop/sun.awt=ALL-UNNAMED --add-exports=java.desktop/java.awt.peer=ALL-UNNAMED --add-opens=java.desktop/java.awt=ALL-UNNAMED --add-opens=jdk.unsupported/sun.misc=ALL-UNNAMED --add-opens=java.base/java.nio=ALL-UNNAMED --add-opens=java.base/java.util=ALL-UNNAMED -Dfile.encoding=UTF-8 -Dsun.stdout.encoding=UTF-8 -Dsun.stderr.encoding=UTF-8 
java_command: com.intellij.database.remote.RemoteJdbcServer org.postgresql.Driver
java_class_path (initial): C:\Program Files\JetBrains\IntelliJ IDEA 2025.3.1\lib\util_rt.jar;C:\Program Files\JetBrains\IntelliJ IDEA 2025.3.1\lib\module-intellij.libraries.fastutil.jar;C:\Program Files\JetBrains\IntelliJ IDEA 2025.3.1\lib\groovy.jar;C:\Program Files\JetBrains\IntelliJ IDEA 2025.3.1\plugins\DatabaseTools\lib\modules\intellij.database.jdbcConsole.jar;C:\Program Files\JetBrains\IntelliJ IDEA 2025.3.1\lib\modules\intellij.grid.types.jar;C:\Program Files\JetBrains\IntelliJ IDEA 2025.3.1\lib\util.jar;C:\Program Files\JetBrains\IntelliJ IDEA 2025.3.1\lib\module-intellij.libraries.bouncy.castle.provider.jar
Launcher Type: SUN_STANDARD

[Global flags]
     intx CICompilerCount                          = 4                                         {product} {ergonomic}
     uint ConcGCThreads                            = 2                                         {product} {ergonomic}
     uint G1ConcRefinementThreads                  = 8                                         {product} {ergonomic}
   size_t G1HeapRegionSize                         = 1048576                                   {product} {ergonomic}
    uintx GCDrainStackTargetSize                   = 64                                        {product} {ergonomic}
   size_t InitialHeapSize                          = 134217728                                 {product} {command line}
   size_t MarkStackSize                            = 4194304                                   {product} {ergonomic}
   size_t MaxHeapSize                              = 2147483648                                {product} {command line}
   size_t MaxNewSize                               = 1287651328                                {product} {ergonomic}
   size_t MinHeapDeltaBytes                        = 1048576                                   {product} {ergonomic}
   size_t MinHeapSize                              = 134217728                                 {product} {command line}
    uintx NonNMethodCodeHeapSize                   = 5839372                                {pd product} {ergonomic}
    uintx NonProfiledCodeHeapSize                  = 122909434                              {pd product} {ergonomic}
    uintx ProfiledCodeHeapSize                     = 122909434                              {pd product} {ergonomic}
    uintx ReservedCodeCacheSize                    = 251658240                              {pd product} {ergonomic}
     bool SegmentedCodeCache                       = true                                      {product} {ergonomic}
   size_t SoftMaxHeapSize                          = 2147483648                             {manageable} {ergonomic}
     bool UseCompressedOops                        = true                           {product lp64_product} {ergonomic}
     bool UseG1GC                                  = true                                      {product} {ergonomic}
     bool UseLargePagesIndividualAllocation        = false                                  {pd product} {ergonomic}

Logging:
Log output configuration:
 #0: stdout all=warning uptime,level,tags foldmultilines=false
 #1: stderr all=off uptime,level,tags foldmultilines=false

Release file:
JAVA_VERSION="21.0.9" 
MODULES="java.base java.datatransfer java.xml java.prefs java.desktop gluegen.rt java.compiler java.instrument java.logging java.management java.security.sasl java.naming java.rmi java.management.rmi java.net.http java.scripting java.security.jgss java.transaction.xa java.sql java.sql.rowset java.xml.crypto java.se java.smartcardio jogl.all jcef jdk.accessibility jdk.internal.jvmstat jdk.attach jdk.charsets jdk.internal.opt jdk.zipfs jdk.compiler jdk.crypto.ec jdk.crypto.cryptoki jdk.crypto.mscapi jdk.dynalink jdk.hotspot.agent jdk.httpserver jdk.internal.ed jdk.internal.le jdk.internal.vm.ci jdk.javadoc jdk.jcmd jdk.jdwp.agent jdk.jdi jdk.jfr jdk.jsobject jdk.localedata jdk.management jdk.management.agent jdk.management.jfr jdk.naming.dns jdk.naming.rmi jdk.net jdk.sctp jdk.security.auth jdk.security.jgss jdk.unsupported jdk.unsupported.desktop jdk.xml.dom" 
IMPLEMENTOR="JetBrains s.r.o." 
IMPLEMENTOR_VERSION="JBR-21.0.9+1-1163.86-jcef" 
JAVA_RUNTIME_VERSION="21.0.9+1-b1163.86" 
LIBC="default" 
OS_ARCH="x86_64" 
OS_NAME="Windows" 
SOURCE=".:git:1a60506bbd2d+ jcef_git:git:4a605f44671a" 
JCEF_VERSION="137.0.17.1086+g6f9ab69" 
JCEF_COMMIT_HASH="6f9ab690b28a1262f82e6f869c310bdf1d0697ac" 

Environment Variables:
PATH=C:\Program Files\Common Files\Oracle\Java\javapath;C:\WINDOWS\system32;C:\WINDOWS;C:\WINDOWS\System32\Wbem;C:\WINDOWS\System32\WindowsPowerShell\v1.0\;C:\WINDOWS\System32\OpenSSH\;C:\Program Files\Docker\Docker\resources\bin;C:\Program Files\Git\cmd;E:\MyApps\bin;C:\Program Files\nodejs\;C:\Users\vusal\AppData\Local\Programs\Python\Python310\Scripts\;C:\Users\vusal\AppData\Local\Programs\Python\Python310\;C:\Users\vusal\AppData\Local\Programs\Python\Launcher\;C:\Users\vusal\AppData\Local\Microsoft\WindowsApps;C:\Users\vusal\AppData\Local\Programs\Microsoft VS Code\bin;C:\src\flutter\flutter\bin;E:\Program\Antigravity\bin;C:\Users\vusal\AppData\Roaming\npm
USERNAME=vusal
OS=Windows_NT
PROCESSOR_IDENTIFIER=Intel64 Family 6 Model 126 Stepping 5, GenuineIntel
TMP=C:\Users\vusal\AppData\Local\Temp
TEMP=C:\Users\vusal\AppData\Local\Temp




Periodic native trim disabled

JNI global refs:
JNI global refs: 9, weak refs: 0

JNI global refs memory usage: 835, weak refs: 833

Process memory usage:
Resident Set Size: 71804K (0% of 8160952K total physical memory with 341544K free physical memory)

OOME stack traces (most recent first):
Classloader memory used:
